{
"issues":  [
{
"id":  "S4158",
"message":  "Remove this call, the collection is known to be empty here.",
"location":  {
"uri":  "https://github.com/SonarSource/sonar-dotnet/blob/master/analyzers/its/sources/Net5/Net5/S3981.cs#L12",
"region":  {
"startLine":  12,
"startColumn":  17,
"endLine":  12,
"endColumn":  39
}
}
}
]
}
